Unified DSA & System Design Viewer Server running at http://localhost:3000/
HEAD /Interview/README.md -> 200 OK
HEAD /Interview/1_HR_General/01-HR-Fundamentals-and-General-Questions.md -> 200 OK
HEAD /Interview/2_Behavioral/01-STAR-Framework-Mastery.md -> 200 OK
HEAD /Interview/3_Technical/01-Core-CS-OOP-and-Concurrency.md -> 200 OK
HEAD /Interview/5_Situational_Scenarios/01-Production-Incidents-and-P0-Outages.md -> 200 OK
GET / -> 200 OK
GET /SystemDesign/1_Components/1.1_Load_Balancers.md -> 200 OK
GET /Interview/1_HR_General/01-HR-Fundamentals-and-General-Questions.md -> 200 OK
GET / -> 200 OK
GET /Interview/1_HR_General/01-HR-Fundamentals-and-General-Questions.md -> 200 OK
GET /Interview/2_Behavioral/01-STAR-Framework-Mastery.md -> 200 OK
GET /Interview/2_Behavioral/02-Conflict-Failure-and-Team-Dynamics.md -> 200 OK
GET /Interview/7_Company_Specific/01-FAANG-and-Big-Tech-Frameworks.md -> 200 OK
GET /Interview/7_Company_Specific/02-Startups-vs-Enterprises-vs-Fintech.md -> 200 OK
GET /Interview/8_Leadership_Managerial/01-Mentorship-and-Team-Empowerment.md -> 200 OK
GET /Interview/README.md -> 200 OK
GET /Interview/2_Behavioral/01-STAR-Framework-Mastery.md -> 200 OK
GET /Interview/README.md -> 200 OK
GET /Interview/1_HR_General/01-HR-Fundamentals-and-General-Questions.md -> 200 OK
GET / -> 200 OK
GET /Interview/1_HR_General/01-HR-Fundamentals-and-General-Questions.md -> 200 OK
GET /Interview/2_Behavioral/01-STAR-Framework-Mastery.md -> 200 OK
GET /Interview/2_Behavioral/02-Conflict-Failure-and-Team-Dynamics.md -> 200 OK
GET /Interview/6_Role_Specific/01-Junior-to-Staff-Level-Expectations.md -> 200 OK
GET /Interview/6_Role_Specific/02-Backend-Fullstack-and-DevOps-Focus.md -> 200 OK
GET /Interview/7_Company_Specific/01-FAANG-and-Big-Tech-Frameworks.md -> 200 OK
GET /Interview/1_HR_General/02-Compensation-Negotiation-and-Closing.md -> 200 OK
GET /DSA/Arrays%20+%20HashMap%20Pattern/274-HIndex.md -> 200 OK
GET /DevOps/1_Docker/03-Dockerfile-Deep-Dive.md -> 200 OK
GET /DevOps/1_Docker/01-Docker-Fundamentals.md -> 200 OK
GET /Interview/1_HR_General/01-HR-Fundamentals-and-General-Questions.md -> 200 OK
GET /Interview/README.md -> 200 OK
GET /Interview/1_HR_General/01-HR-Fundamentals-and-General-Questions.md -> 200 OK
GET /Interview/1_HR_General/02-Compensation-Negotiation-and-Closing.md -> 200 OK
GET /Interview/1_HR_General/01-HR-Fundamentals-and-General-Questions.md -> 200 OK
GET /Interview/README.md -> 200 OK
GET /Interview/1_HR_General/02-Compensation-Negotiation-and-Closing.md -> 200 OK
GET /Interview/1_HR_General/01-HR-Fundamentals-and-General-Questions.md -> 200 OK
